[0902/214814.887:INFO:CONSOLE:26] "🚀 container.buildInfo.environment is deprecated.Please use `container.environment.stage` instead", source: https://assets.adobedtm.com/launch-ENb669ecb013cf4aa89de0580c69e13c1a.min.js (26)
[0902/214814.887:INFO:CONSOLE:26] "🚀 container.buildInfo.environment is deprecated.Please use `container.environment.stage` instead", source: https://assets.adobedtm.com/launch-ENb669ecb013cf4aa89de0580c69e13c1a.min.js (26)
[0902/214817.677:INFO:CONSOLE:2] "%c ", source: https://client.px-cloud.net/PX87wpO5aK/main.min.js (2)
[0902/214817.973:INFO:CONSOLE:26] "🚀 container.buildInfo.environment is deprecated.Please use `container.environment.stage` instead", source: https://assets.adobedtm.com/launch-ENb669ecb013cf4aa89de0580c69e13c1a.min.js (26)
[0902/214817.974:INFO:CONSOLE:26] "🚀 container.buildInfo.environment is deprecated.Please use `container.environment.stage` instead", source: https://assets.adobedtm.com/launch-ENb669ecb013cf4aa89de0580c69e13c1a.min.js (26)
[0902/214818.756:INFO:CONSOLE:2] "%c ", source: https://client.px-cloud.net/PX87wpO5aK/main.min.js (2)
[0902/214819.288:INFO:CONSOLE:0] "[.WebGL-0x340c01f86800]GL Driver Message (OpenGL, Performance, GL_CLOSE_PATH_NV, High): GPU stall due to ReadPixels", source: https://www.sams.com.mx/blocked?url=L2lwL3BlZGlhc3VyZS1wbHVzLWFiYm90dC1zYWJvci12YWluaWxsYS0xNi1wemFzLWRlLTIzNy1tbC8wMDAxMDUwMzc/ZnJvbT0vc2VhcmNo&uuid=cb1d21ee-a730-11f1-b9f2-2f947fbc0729&vid=cde271ef-a730-11f1-93f2-6bd08ff25caf&g=b (0)
[0902/214819.322:INFO:CONSOLE:0] "[.WebGL-0x340c01f86800]GL Driver Message (OpenGL, Performance, GL_CLOSE_PATH_NV, High): GPU stall due to ReadPixels", source: https://www.sams.com.mx/blocked?url=L2lwL3BlZGlhc3VyZS1wbHVzLWFiYm90dC1zYWJvci12YWluaWxsYS0xNi1wemFzLWRlLTIzNy1tbC8wMDAxMDUwMzc/ZnJvbT0vc2VhcmNo&uuid=cb1d21ee-a730-11f1-b9f2-2f947fbc0729&vid=cde271ef-a730-11f1-93f2-6bd08ff25caf&g=b (0)
[0902/214819.374:INFO:CONSOLE:0] "[.WebGL-0x340c01f86800]GL Driver Message (OpenGL, Performance, GL_CLOSE_PATH_NV, High): GPU stall due to ReadPixels", source: https://www.sams.com.mx/blocked?url=L2lwL3BlZGlhc3VyZS1wbHVzLWFiYm90dC1zYWJvci12YWluaWxsYS0xNi1wemFzLWRlLTIzNy1tbC8wMDAxMDUwMzc/ZnJvbT0vc2VhcmNo&uuid=cb1d21ee-a730-11f1-b9f2-2f947fbc0729&vid=cde271ef-a730-11f1-93f2-6bd08ff25caf&g=b (0)
[0902/214819.384:INFO:CONSOLE:0] "[.WebGL-0x340c01f86800]GL Driver Message (OpenGL, Performance, GL_CLOSE_PATH_NV, High): GPU stall due to ReadPixels (this message will no longer repeat)", source: https://www.sams.com.mx/blocked?url=L2lwL3BlZGlhc3VyZS1wbHVzLWFiYm90dC1zYWJvci12YWluaWxsYS0xNi1wemFzLWRlLTIzNy1tbC8wMDAxMDUwMzc/ZnJvbT0vc2VhcmNo&uuid=cb1d21ee-a730-11f1-b9f2-2f947fbc0729&vid=cde271ef-a730-11f1-93f2-6bd08ff25caf&g=b (0)
[0902/214820.223:INFO:CONSOLE:26] "🚀 container.buildInfo.environment is deprecated.Please use `container.environment.stage` instead", source: https://assets.adobedtm.com/launch-ENb669ecb013cf4aa89de0580c69e13c1a.min.js (26)
[0902/214820.224:INFO:CONSOLE:26] "🚀 container.buildInfo.environment is deprecated.Please use `container.environment.stage` instead", source: https://assets.adobedtm.com/launch-ENb669ecb013cf4aa89de0580c69e13c1a.min.js (26)
[0902/214821.416:INFO:CONSOLE:2] "%c ", source: https://client.px-cloud.net/PX87wpO5aK/main.min.js (2)
[0902/214823.465:INFO:CONSOLE:1] "%c ", source: https://crcldu.com/bd/auditor.js?v=1788396480000 (1)
[0902/214824.886:INFO:CONSOLE:26] "🚀 container.buildInfo.environment is deprecated.Please use `container.environment.stage` instead", source: https://assets.adobedtm.com/launch-ENb669ecb013cf4aa89de0580c69e13c1a.min.js (26)
[0902/214824.887:INFO:CONSOLE:26] "🚀 container.buildInfo.environment is deprecated.Please use `container.environment.stage` instead", source: https://assets.adobedtm.com/launch-ENb669ecb013cf4aa89de0580c69e13c1a.min.js (26)
[0902/214825.571:INFO:CONSOLE:2] "%c ", source: https://client.px-cloud.net/PX87wpO5aK/main.min.js (2)
[0902/214827.120:INFO:CONSOLE:1] "%c ", source: https://crcldu.com/bd/auditor.js?v=1788396480000 (1)
[0902/214828.769:INFO:CONSOLE:26] "🚀 container.buildInfo.environment is deprecated.Please use `container.environment.stage` instead", source: https://assets.adobedtm.com/launch-ENb669ecb013cf4aa89de0580c69e13c1a.min.js (26)
[0902/214828.769:INFO:CONSOLE:26] "🚀 container.buildInfo.environment is deprecated.Please use `container.environment.stage` instead", source: https://assets.adobedtm.com/launch-ENb669ecb013cf4aa89de0580c69e13c1a.min.js (26)
[0902/214829.515:INFO:CONSOLE:2] "%c ", source: https://client.px-cloud.net/PX87wpO5aK/main.min.js (2)
[0902/214831.369:INFO:CONSOLE:1] "%c ", source: https://crcldu.com/bd/auditor.js?v=1788396480000 (1)
[0902/214832.621:INFO:CONSOLE:26] "🚀 container.buildInfo.environment is deprecated.Please use `container.environment.stage` instead", source: https://assets.adobedtm.com/launch-ENb669ecb013cf4aa89de0580c69e13c1a.min.js (26)
[0902/214832.622:INFO:CONSOLE:26] "🚀 container.buildInfo.environment is deprecated.Please use `container.environment.stage` instead", source: https://assets.adobedtm.com/launch-ENb669ecb013cf4aa89de0580c69e13c1a.min.js (26)
[0902/214833.495:INFO:CONSOLE:2] "%c ", source: https://client.px-cloud.net/PX87wpO5aK/main.min.js (2)
[0902/214834.980:INFO:CONSOLE:1] "%c ", source: https://crcldu.com/bd/auditor.js?v=1788396480000 (1)
[0902/214836.605:INFO:CONSOLE:26] "🚀 container.buildInfo.environment is deprecated.Please use `container.environment.stage` instead", source: https://assets.adobedtm.com/launch-ENb669ecb013cf4aa89de0580c69e13c1a.min.js (26)
[0902/214836.605:INFO:CONSOLE:26] "🚀 container.buildInfo.environment is deprecated.Please use `container.environment.stage` instead", source: https://assets.adobedtm.com/launch-ENb669ecb013cf4aa89de0580c69e13c1a.min.js (26)
[0902/214837.376:INFO:CONSOLE:2] "%c ", source: https://client.px-cloud.net/PX87wpO5aK/main.min.js (2)
[0902/214838.799:INFO:CONSOLE:1] "%c ", source: https://crcldu.com/bd/auditor.js?v=1788396480000 (1)
[0902/214840.243:INFO:CONSOLE:26] "🚀 container.buildInfo.environment is deprecated.Please use `container.environment.stage` instead", source: https://assets.adobedtm.com/launch-ENb669ecb013cf4aa89de0580c69e13c1a.min.js (26)
[0902/214840.243:INFO:CONSOLE:26] "🚀 container.buildInfo.environment is deprecated.Please use `container.environment.stage` instead", source: https://assets.adobedtm.com/launch-ENb669ecb013cf4aa89de0580c69e13c1a.min.js (26)
[0902/214840.916:INFO:CONSOLE:2] "%c ", source: https://client.px-cloud.net/PX87wpO5aK/main.min.js (2)
[0902/214842.483:INFO:CONSOLE:1] "%c ", source: https://crcldu.com/bd/auditor.js?v=1788396480000 (1)
[0902/214843.826:INFO:CONSOLE:26] "🚀 container.buildInfo.environment is deprecated.Please use `container.environment.stage` instead", source: https://assets.adobedtm.com/launch-ENb669ecb013cf4aa89de0580c69e13c1a.min.js (26)
[0902/214843.826:INFO:CONSOLE:26] "🚀 container.buildInfo.environment is deprecated.Please use `container.environment.stage` instead", source: https://assets.adobedtm.com/launch-ENb669ecb013cf4aa89de0580c69e13c1a.min.js (26)
[0902/214844.607:INFO:CONSOLE:2] "%c ", source: https://client.px-cloud.net/PX87wpO5aK/main.min.js (2)
[0902/214846.291:INFO:CONSOLE:1] "%c ", source: https://crcldu.com/bd/auditor.js?v=1788396480000 (1)
[0902/214847.791:INFO:CONSOLE:26] "🚀 container.buildInfo.environment is deprecated.Please use `container.environment.stage` instead", source: https://assets.adobedtm.com/launch-ENb669ecb013cf4aa89de0580c69e13c1a.min.js (26)
[0902/214847.791:INFO:CONSOLE:26] "🚀 container.buildInfo.environment is deprecated.Please use `container.environment.stage` instead", source: https://assets.adobedtm.com/launch-ENb669ecb013cf4aa89de0580c69e13c1a.min.js (26)
[0902/214848.597:INFO:CONSOLE:2] "%c ", source: https://client.px-cloud.net/PX87wpO5aK/main.min.js (2)
[0902/214850.248:INFO:CONSOLE:1] "%c ", source: https://crcldu.com/bd/auditor.js?v=1788396480000 (1)
[0902/214851.387:INFO:CONSOLE:26] "🚀 container.buildInfo.environment is deprecated.Please use `container.environment.stage` instead", source: https://assets.adobedtm.com/launch-ENb669ecb013cf4aa89de0580c69e13c1a.min.js (26)
[0902/214851.388:INFO:CONSOLE:26] "🚀 container.buildInfo.environment is deprecated.Please use `container.environment.stage` instead", source: https://assets.adobedtm.com/launch-ENb669ecb013cf4aa89de0580c69e13c1a.min.js (26)
[0902/214852.068:INFO:CONSOLE:2] "%c ", source: https://client.px-cloud.net/PX87wpO5aK/main.min.js (2)
[0902/214853.585:INFO:CONSOLE:1] "%c ", source: https://crcldu.com/bd/auditor.js?v=1788396480000 (1)
[0902/214855.262:INFO:CONSOLE:26] "🚀 container.buildInfo.environment is deprecated.Please use `container.environment.stage` instead", source: https://assets.adobedtm.com/launch-ENb669ecb013cf4aa89de0580c69e13c1a.min.js (26)
[0902/214855.262:INFO:CONSOLE:26] "🚀 container.buildInfo.environment is deprecated.Please use `container.environment.stage` instead", source: https://assets.adobedtm.com/launch-ENb669ecb013cf4aa89de0580c69e13c1a.min.js (26)
[0902/214855.992:INFO:CONSOLE:2] "%c ", source: https://client.px-cloud.net/PX87wpO5aK/main.min.js (2)
[0902/214857.498:INFO:CONSOLE:1] "%c ", source: https://crcldu.com/bd/auditor.js?v=1788396480000 (1)
[0902/214858.822:INFO:CONSOLE:26] "🚀 container.buildInfo.environment is deprecated.Please use `container.environment.stage` instead", source: https://assets.adobedtm.com/launch-ENb669ecb013cf4aa89de0580c69e13c1a.min.js (26)
[0902/214858.823:INFO:CONSOLE:26] "🚀 container.buildInfo.environment is deprecated.Please use `container.environment.stage` instead", source: https://assets.adobedtm.com/launch-ENb669ecb013cf4aa89de0580c69e13c1a.min.js (26)
[0902/214859.524:INFO:CONSOLE:2] "%c ", source: https://client.px-cloud.net/PX87wpO5aK/main.min.js (2)
[0902/214901.047:INFO:CONSOLE:1] "%c ", source: https://crcldu.com/bd/auditor.js?v=1788396480000 (1)
[0902/214902.395:INFO:CONSOLE:26] "🚀 container.buildInfo.environment is deprecated.Please use `container.environment.stage` instead", source: https://assets.adobedtm.com/launch-ENb669ecb013cf4aa89de0580c69e13c1a.min.js (26)
[0902/214902.396:INFO:CONSOLE:26] "🚀 container.buildInfo.environment is deprecated.Please use `container.environment.stage` instead", source: https://assets.adobedtm.com/launch-ENb669ecb013cf4aa89de0580c69e13c1a.min.js (26)
[0902/214903.102:INFO:CONSOLE:2] "%c ", source: https://client.px-cloud.net/PX87wpO5aK/main.min.js (2)
[0902/214904.501:INFO:CONSOLE:1] "%c ", source: https://crcldu.com/bd/auditor.js?v=1788396480000 (1)
[0902/214906.037:INFO:CONSOLE:26] "🚀 container.buildInfo.environment is deprecated.Please use `container.environment.stage` instead", source: https://assets.adobedtm.com/launch-ENb669ecb013cf4aa89de0580c69e13c1a.min.js (26)
[0902/214906.038:INFO:CONSOLE:26] "🚀 container.buildInfo.environment is deprecated.Please use `container.environment.stage` instead", source: https://assets.adobedtm.com/launch-ENb669ecb013cf4aa89de0580c69e13c1a.min.js (26)
[0902/214906.738:INFO:CONSOLE:2] "%c ", source: https://client.px-cloud.net/PX87wpO5aK/main.min.js (2)
[0902/214907.921:INFO:CONSOLE:1] "%c ", source: https://crcldu.com/bd/auditor.js?v=1788396480000 (1)
[0902/214909.394:INFO:CONSOLE:26] "🚀 container.buildInfo.environment is deprecated.Please use `container.environment.stage` instead", source: https://assets.adobedtm.com/launch-ENb669ecb013cf4aa89de0580c69e13c1a.min.js (26)
[0902/214909.394:INFO:CONSOLE:26] "🚀 container.buildInfo.environment is deprecated.Please use `container.environment.stage` instead", source: https://assets.adobedtm.com/launch-ENb669ecb013cf4aa89de0580c69e13c1a.min.js (26)
[0902/214910.353:INFO:CONSOLE:2] "%c ", source: https://client.px-cloud.net/PX87wpO5aK/main.min.js (2)
[0902/214912.082:INFO:CONSOLE:1] "%c ", source: https://crcldu.com/bd/auditor.js?v=1788396480000 (1)
[0902/214913.289:INFO:CONSOLE:26] "🚀 container.buildInfo.environment is deprecated.Please use `container.environment.stage` instead", source: https://assets.adobedtm.com/launch-ENb669ecb013cf4aa89de0580c69e13c1a.min.js (26)
[0902/214913.290:INFO:CONSOLE:26] "🚀 container.buildInfo.environment is deprecated.Please use `container.environment.stage` instead", source: https://assets.adobedtm.com/launch-ENb669ecb013cf4aa89de0580c69e13c1a.min.js (26)
[0902/214914.004:INFO:CONSOLE:2] "%c ", source: https://client.px-cloud.net/PX87wpO5aK/main.min.js (2)
[0902/214915.652:INFO:CONSOLE:1] "%c ", source: https://crcldu.com/bd/auditor.js?v=1788396480000 (1)
